
User@216-9 MINGW64 ~
$ cd desktop

User@216-9 MINGW64 ~/desktop
$ git clone https://github.com/Kazeki-YourGod/Lab7.git
Cloning into 'Lab7'...
remote: Enumerating objects: 12, done.
remote: Counting objects: 100% (12/12), done.
remote: Compressing objects: 100% (6/6), done.
remote: Total 12 (delta 3), reused 9 (delta 2), pack-reused 0 (from 0)
Receiving objects: 100% (12/12), done.
Resolving deltas: 100% (3/3), done.

User@216-9 MINGW64 ~/desktop
$ cd Lab7

User@216-9 MINGW64 ~/desktop/Lab7 (main)
$ git remote -v
origin  https://github.com/Kazeki-YourGod/Lab7.git (fetch)
origin  https://github.com/Kazeki-YourGod/Lab7.git (push)

User@216-9 MINGW64 ~/desktop/Lab7 (main)
$ git ls
git: 'ls' is not a git command. See 'git --help'.

The most similar command is
        lfs

User@216-9 MINGW64 ~/desktop/Lab7 (main)
$ ls
README.md

User@216-9 MINGW64 ~/desktop/Lab7 (main)
$ git branch
* main

User@216-9 MINGW64 ~/desktop/Lab7 (main)
$ git log --oneline
13bf3e2 (HEAD -> main, origin/main, origin/feature-about, origin/HEAD) add personal information
6978a8a (origin/feature-readme) update README from feature branch
8b6639a Update README.md
4bb67e8 Add README file

User@216-9 MINGW64 ~/desktop/Lab7 (main)
$ git branch feature-test

User@216-9 MINGW64 ~/desktop/Lab7 (main)
$ git checkout feature-test
Switched to branch 'feature-test'

User@216-9 MINGW64 ~/desktop/Lab7 (feature-test)
$ git branch
* feature-test
  main

User@216-9 MINGW64 ~/desktop/Lab7 (feature-test)
$ code .

User@216-9 MINGW64 ~/desktop/Lab7 (feature-test)
$ git add .

User@216-9 MINGW64 ~/desktop/Lab7 (feature-test)
$ git commit -m "GIT PR туршилт"
Author identity unknown

*** Please tell me who you are.

Run

  git config --global user.email "you@example.com"
  git config --global user.name "Your Name"

to set your account's default identity.
Omit --global to set the identity only in this repository.

fatal: unable to auto-detect email address (got 'User@216-9.(none)')

User@216-9 MINGW64 ~/desktop/Lab7 (feature-test)
$ git config --global user.email "Togsbilegt88@gmail.com
> "

User@216-9 MINGW64 ~/desktop/Lab7 (feature-test)
$ git config --global user.email "Togsbilegt88@gmail.com"

User@216-9 MINGW64 ~/desktop/Lab7 (feature-test)
$ git config --global user.name "Togsbilegt"

User@216-9 MINGW64 ~/desktop/Lab7 (feature-test)
$ git push origin feature-test
Total 0 (delta 0), reused 0 (delta 0), pack-reused 0 (from 0)
remote:
remote: Create a pull request for 'feature-test' on GitHub by visiting:
remote:      https://github.com/Kazeki-YourGod/Lab7/pull/new/feature-test
remote:
To https://github.com/Kazeki-YourGod/Lab7.git
 * [new branch]      feature-test -> feature-test

User@216-9 MINGW64 ~/desktop/Lab7 (feature-test)
$ git log --oneline
13bf3e2 (HEAD -> feature-test, origin/main, origin/feature-test, origin/feature-about, origin/HEAD, main) add personal information
6978a8a (origin/feature-readme) update README from feature branch
8b6639a Update README.md
4bb67e8 Add README file

User@216-9 MINGW64 ~/desktop/Lab7 (feature-test)
$ git checkout main
M       README.md
Switched to branch 'main'
Your branch is up to date with 'origin/main'.

User@216-9 MINGW64 ~/desktop/Lab7 (main)
$ git log --oneline
13bf3e2 (HEAD -> main, origin/main, origin/feature-test, origin/feature-about, origin/HEAD, feature-test) add personal information
6978a8a (origin/feature-readme) update README from feature branch
8b6639a Update README.md
4bb67e8 Add README file

User@216-9 MINGW64 ~/desktop/Lab7 (main)
$ git merge feature-test
Already up to date.

User@216-9 MINGW64 ~/desktop/Lab7 (main)
$ git push origin main
Everything up-to-date

User@216-9 MINGW64 ~/desktop/Lab7 (main)
$ git branch feature-test
fatal: a branch named 'feature-test' already exists

User@216-9 MINGW64 ~/desktop/Lab7 (main)
$ git checkout feature-test
M       README.md
Switched to branch 'feature-test'

User@216-9 MINGW64 ~/desktop/Lab7 (feature-test)
$ git status
On branch feature-test
Changes to be committed:
  (use "git restore --staged <file>..." to unstage)
        modified:   README.md


User@216-9 MINGW64 ~/desktop/Lab7 (feature-test)
$ git push origin feature-test
Everything up-to-date

User@216-9 MINGW64 ~/desktop/Lab7 (feature-test)
$ code .

User@216-9 MINGW64 ~/desktop/Lab7 (feature-test)
$ code .

User@216-9 MINGW64 ~/desktop/Lab7 (feature-test)
$ git commit -m "GIT PR"
[feature-test 327f4b9] GIT PR
 1 file changed, 4 insertions(+), 1 deletion(-)

User@216-9 MINGW64 ~/desktop/Lab7 (feature-test)
$ git push origin feature-test
Enumerating objects: 5, done.
Counting objects: 100% (5/5), done.
Delta compression using up to 20 threads
Compressing objects: 100% (2/2), done.
Writing objects: 100% (3/3), 327 bytes | 327.00 KiB/s, done.
Total 3 (delta 1), reused 0 (delta 0), pack-reused 0 (from 0)
remote: Resolving deltas: 100% (1/1), completed with 1 local object.
To https://github.com/Kazeki-YourGod/Lab7.git
   13bf3e2..327f4b9  feature-test -> feature-test

User@216-9 MINGW64 ~/desktop/Lab7 (feature-test)
$ git checkout main
error: Your local changes to the following files would be overwritten by checkout:
        README.md
Please commit your changes or stash them before you switch branches.
Aborting

User@216-9 MINGW64 ~/desktop/Lab7 (feature-test)
$ git checkout main
error: Your local changes to the following files would be overwritten by checkout:
        README.md
Please commit your changes or stash them before you switch branches.
Aborting

User@216-9 MINGW64 ~/desktop/Lab7 (feature-test)
$ git checkout main
error: Your local changes to the following files would be overwritten by checkout:
        README.md
Please commit your changes or stash them before you switch branches.
Aborting

User@216-9 MINGW64 ~/desktop/Lab7 (feature-test)
$ git merge feature-test
Already up to date.

User@216-9 MINGW64 ~/desktop/Lab7 (feature-test)
$ git checkout main
error: Your local changes to the following files would be overwritten by checkout:
        README.md
Please commit your changes or stash them before you switch branches.
Aborting

User@216-9 MINGW64 ~/desktop/Lab7 (feature-test)
$ git log --oneline
327f4b9 (HEAD -> feature-test, origin/feature-test) GIT PR
13bf3e2 (origin/main, origin/feature-about, origin/HEAD, main) add personal information
6978a8a (origin/feature-readme) update README from feature branch
8b6639a Update README.md
4bb67e8 Add README file

User@216-9 MINGW64 ~/desktop/Lab7 (feature-test)
$ git checkout main
error: Your local changes to the following files would be overwritten by checkout:
        README.md
Please commit your changes or stash them before you switch branches.
Aborting

User@216-9 MINGW64 ~/desktop/Lab7 (feature-test)
$ git commit -m "GIT PR 4"
On branch feature-test
Changes not staged for commit:
  (use "git add <file>..." to update what will be committed)
  (use "git restore <file>..." to discard changes in working directory)
        modified:   README.md

no changes added to commit (use "git add" and/or "git commit -a")

User@216-9 MINGW64 ~/desktop/Lab7 (feature-test)
$ code .

User@216-9 MINGW64 ~/desktop/Lab7 (feature-test)
$ git add .

User@216-9 MINGW64 ~/desktop/Lab7 (feature-test)
$ git commit -m "GIT PR 4"
[feature-test 48f803d] GIT PR 4
 1 file changed, 1 insertion(+), 1 deletion(-)

User@216-9 MINGW64 ~/desktop/Lab7 (feature-test)
$ git push origin feature-test
Enumerating objects: 5, done.
Counting objects: 100% (5/5), done.
Delta compression using up to 20 threads
Compressing objects: 100% (2/2), done.
Writing objects: 100% (3/3), 268 bytes | 268.00 KiB/s, done.
Total 3 (delta 1), reused 0 (delta 0), pack-reused 0 (from 0)
remote: Resolving deltas: 100% (1/1), completed with 1 local object.
To https://github.com/Kazeki-YourGod/Lab7.git
   327f4b9..48f803d  feature-test -> feature-test

User@216-9 MINGW64 ~/desktop/Lab7 (feature-test)
$ git checkout main
Switched to branch 'main'
Your branch is up to date with 'origin/main'.

User@216-9 MINGW64 ~/desktop/Lab7 (main)
$ git merge feature-test
Updating 13bf3e2..48f803d
Fast-forward
 README.md | 5 ++++-
 1 file changed, 4 insertions(+), 1 deletion(-)

User@216-9 MINGW64 ~/desktop/Lab7 (main)
$ git push origin main
To https://github.com/Kazeki-YourGod/Lab7.git
 ! [rejected]        main -> main (fetch first)
error: failed to push some refs to 'https://github.com/Kazeki-YourGod/Lab7.git'
hint: Updates were rejected because the remote contains work that you do not
hint: have locally. This is usually caused by another repository pushing to
hint: the same ref. If you want to integrate the remote changes, use
hint: 'git pull' before pushing again.
hint: See the 'Note about fast-forwards' in 'git push --help' for details.

User@216-9 MINGW64 ~/desktop/Lab7 (main)
$ git push origin main
To https://github.com/Kazeki-YourGod/Lab7.git
 ! [rejected]        main -> main (fetch first)
error: failed to push some refs to 'https://github.com/Kazeki-YourGod/Lab7.git'
hint: Updates were rejected because the remote contains work that you do not
hint: have locally. This is usually caused by another repository pushing to
hint: the same ref. If you want to integrate the remote changes, use
hint: 'git pull' before pushing again.
hint: See the 'Note about fast-forwards' in 'git push --help' for details.

User@216-9 MINGW64 ~/desktop/Lab7 (main)
$ git merge feature-test
Already up to date.

User@216-9 MINGW64 ~/desktop/Lab7 (main)
$ git push origin main
To https://github.com/Kazeki-YourGod/Lab7.git
 ! [rejected]        main -> main (fetch first)
error: failed to push some refs to 'https://github.com/Kazeki-YourGod/Lab7.git'
hint: Updates were rejected because the remote contains work that you do not
hint: have locally. This is usually caused by another repository pushing to
hint: the same ref. If you want to integrate the remote changes, use
hint: 'git pull' before pushing again.
hint: See the 'Note about fast-forwards' in 'git push --help' for details.

User@216-9 MINGW64 ~/desktop/Lab7 (main)
$ git pull
remote: Enumerating objects: 2, done.
remote: Counting objects: 100% (2/2), done.
remote: Compressing objects: 100% (2/2), done.
remote: Total 2 (delta 0), reused 0 (delta 0), pack-reused 0 (from 0)
Unpacking objects: 100% (2/2), 1.73 KiB | 1.73 MiB/s, done.
From https://github.com/Kazeki-YourGod/Lab7
   13bf3e2..cdea863  main       -> origin/main
Updating 48f803d..cdea863
Fast-forward

User@216-9 MINGW64 ~/desktop/Lab7 (main)
$ git push origin main
Everything up-to-date
